SMU 2-Channel Test Script
==================================================

==================================================
Testing SMU Channel 1
==================================================

1. Connecting...
   Response: {'success': True, 'message': 'Connected to real SMU', 'address': 'USB0::2391::35864::MY51141849::0::INSTR', 'channel': 1, 'mock': False}

2. Checking status...
   Status: {'connected': True, 'mock': False, 'channel': 1, 'address': 'USB0::2391::35864::MY51141849::0::INSTR', 'state': 'IDLE', 'output_enabled': False, 'source_mode': None, 'compliance': None, 'compliance_type': None}

3. Setting source mode to VOLT...
   Response: {'success': True, 'mode': 'VOLT'}

4. Setting voltage to 1.0V...
   Response: {'success': True, 'value': 1.0, 'mode': 'VOLT'}

5. Checking status before output...
   Status: {'connected': True, 'mock': False, 'channel': 1, 'address': 'USB0::2391::35864::MY51141849::0::INSTR', 'state': 'IDLE', 'output_enabled': False, 'source_mode': 'VOLT', 'compliance': None, 'compliance_type': None}

6. Enabling output...
   Response: {'success': True, 'output_enabled': True}

7. Checking status after output enabled...
   Status: {'connected': True, 'mock': False, 'channel': 1, 'address': 'USB0::2391::35864::MY51141849::0::INSTR', 'state': 'ERROR', 'output_enabled': True, 'source_mode': 'VOLT', 'compliance': None, 'compliance_type': None}

8. Taking measurement...
   Measurement: {'success': False, 'voltage': None, 'current': None, 'message': "Operation rejected for SMU: Current state ERROR not in ['RUNNING', 'ARMED', 'CONFIGURED', 'IDLE']"}

9. Disabling output...
   Response: {'success': True, 'output_enabled': False}

10. Disconnecting...
   Response: {'success': True, 'message': 'Disconnected'}
